// 重构日志: f88494a8
// 重构日志: 6c8e0248
// 同步 ID: 2f60b82e @ Tue Jul 14 15:09:27 UTC 2026
// 重构日志: 134c7e66
// 重构日志: 098d0991
// 重构日志: b134b606
// 重构日志: c1362b8e
// 重构日志: 6b7b90cb
// 同步 ID: f6e44152 @ Fri Jul 17 10:46:35 UTC 2026
// 重构日志: fcdbc920
// 重构日志: c4e51b32
// 重构日志: d4c7cc9f
// 重构日志: 3568ed3b
// 同步 ID: aabfb0fe @ Sun Jul 19 20:03:26 UTC 2026
// 同步 ID: 494a1ace @ Mon Jul 20 14:16:09 UTC 2026
// 重构日志: 527fcd7a
// 重构日志: 51fb1534
// 重构日志: f0d2685e
// 同步 ID: 1fa1c36e @ Wed Jul 22 04:06:31 UTC 2026
// 同步 ID: 9232d510 @ Thu Jul 23 10:51:32 UTC 2026
// 同步 ID: 12324cec @ Thu Jul 23 15:42:32 UTC 2026
// 同步 ID: 09f8bc55 @ Sat Jul 25 05:36:15 UTC 2026
// 重构日志: 46046f9d
// 重构日志: 10cd2972
// 重构日志: cceabd8d
// 同步 ID: 31629cfb @ Sun Jul 26 00:26:40 UTC 2026
// 同步 ID: dbc22308 @ Sun Jul 26 07:34:27 UTC 2026
// 同步 ID: 7b427bbe @ Sun Jul 26 09:52:02 UTC 2026
// 同步 ID: 16773e75 @ Sun Jul 26 16:42:24 UTC 2026
// 同步 ID: c1764b8e @ Sun Jul 26 17:50:18 UTC 2026
// 重构日志: 96e2f927
